============================================================
  Generated by:           Genus(TM) Synthesis Solution 21.14-s082_1
  Generated on:           Sep 14 2026  02:40:05 am
  Module:                 nema_top
  Operating conditions:   slow (balanced_tree)
  Wireload mode:          enclosed
  Area mode:              timing library
============================================================


Path 1: VIOLATED (-88 ps) Setup Check with Pin u_mac_array_acc_reg_reg[2][30]/CK->D
     Startpoint: (R) u_decomp_weight_out_reg[0][2][4]/CK
          Clock: (R) clk
       Endpoint: (R) u_mac_array_acc_reg_reg[2][30]/D
          Clock: (R) clk

                     Capture       Launch     
        Clock Edge:+    3330            0     
       Src Latency:+       0            0     
       Net Latency:+       0 (I)        0 (I) 
           Arrival:=    3330            0     
                                              
             Setup:-     251                  
     Required Time:=    3079                  
      Launch Clock:-       0                  
         Data Path:-    3167                  
             Slack:=     -88                  

#--------------------------------------------------------------------------------------------------------------------------
#                   Timing Point                    Flags   Arc   Edge   Cell     Fanout Load Trans Delay Arrival Instance 
#                                                                                        (fF)  (ps)  (ps)   (ps)  Location 
#--------------------------------------------------------------------------------------------------------------------------
  u_decomp_weight_out_reg[0][2][4]/CK               -       -     R     (arrival)    256    -     0     0       0    (-,-) 
  u_decomp_weight_out_reg[0][2][4]/Q                -       CK->Q R     DFFRHQX4       6 25.7    95   383     383    (-,-) 
  u_mac_array_csa_tree_ADD_TC_OP_22_groupi_g17158/Y -       B->Y  F     NAND2X2        6 15.1   125   114     497    (-,-) 
  g22661/Y                                          -       A1->Y R     OAI21X1        1  5.3   134   134     631    (-,-) 
  g38495/Y                                          -       B->Y  F     NAND2X2        4 11.2   109   106     737    (-,-) 
  g38496/Y                                          -       A->Y  R     CLKINVX2       1  2.7    40    42     779    (-,-) 
  g38494/Y                                          -       B->Y  F     MXI2X1         2  5.3   114    95     874    (-,-) 
  g38499/Y                                          -       A->Y  R     CLKINVX1       1  2.7    53    58     932    (-,-) 
  g38493/Y                                          -       B->Y  F     MXI2X1         2  6.2   128   106    1038    (-,-) 
  g28885/Y                                          -       B->Y  R     XNOR2X1        2  5.5    81   238    1276    (-,-) 
  g28884/Y                                          -       A->Y  F     CLKINVX1       1  5.3    55    58    1334    (-,-) 
  g538/Y                                            -       B->Y  R     NAND2X2        1  5.3    43    48    1382    (-,-) 
  g38390/Y                                          -       B->Y  F     NAND2X2        4  9.8    86    77    1459    (-,-) 
  g39070/Y                                          -       B->Y  R     NOR2BX1        1  5.3   112   108    1566    (-,-) 
  g39066/Y                                          -       B0->Y F     AOI21X2        3  7.0    86    55    1622    (-,-) 
  g39065/Y                                          -       A->Y  R     CLKINVX1       1  5.5    63    72    1694    (-,-) 
  g39064/Y                                          -       A->Y  F     NAND2X2        2 11.0    95    90    1784    (-,-) 
  g37865/Y                                          -       A->Y  R     CLKINVX2       1  5.3    46    52    1836    (-,-) 
  g39062/Y                                          -       A1->Y F     OAI21X2        1  5.5    75    67    1903    (-,-) 
  g340/Y                                            -       A->Y  R     NAND2X2        2  6.8    56    62    1966    (-,-) 
  g39061/Y                                          -       S0->Y R     MXI2X1         1  5.1   126   148    2114    (-,-) 
  u_mac_array_csa_tree_ADD_TC_OP_22_groupi_g15109/Y -       S0->Y R     MXI2X1         2  4.9   123   162    2275    (-,-) 
  u_mac_array_csa_tree_ADD_TC_OP_22_groupi_g15072/Y -       A->Y  F     INVX1          1  5.3    67    66    2341    (-,-) 
  g26127/Y                                          -       B->Y  R     NAND2X2        2 11.0    64    68    2409    (-,-) 
  g26128/Y                                          -       A->Y  F     NAND3X2        2  7.3   121   115    2524    (-,-) 
  g38921/Y                                          -       A->Y  R     NOR2X2         1  5.4    77    91    2615    (-,-) 
  g38920/Y                                          -       B->Y  F     NOR2X2         1 10.5    56    59    2674    (-,-) 
  g26383/Y                                          -       B0->Y R     OAI21X4        2 12.6    94    53    2727    (-,-) 
  g27354/Y                                          -       B->Y  F     NAND2X4        1 16.6    84    83    2810    (-,-) 
  g32393/Y                                          -       B->Y  R     NAND2X6       14 27.1    66    69    2879    (-,-) 
  u_mac_array_csa_tree_ADD_TC_OP_22_groupi_g14979/Y -       A1->Y F     AOI21XL        1  1.8    88    84    2963    (-,-) 
  u_mac_array_csa_tree_ADD_TC_OP_22_groupi_g17369/Y -       A->Y  R     XOR2XL         1  1.7    58   204    3167    (-,-) 
  u_mac_array_acc_reg_reg[2][30]/D                  <<<     -     R     SDFFRXL        1    -     -     0    3167    (-,-) 
#--------------------------------------------------------------------------------------------------------------------------

