============================================================
  Generated by:           Genus(TM) Synthesis Solution 21.14-s082_1
  Generated on:           Sep 14 2026  04:40:14 am
  Module:                 nema_top
  Operating conditions:   PVT_0P63V_100C (balanced_tree)
  Wireload mode:          enclosed
  Area mode:              timing library
============================================================


Path 1: MET (1049 ps) Setup Check with Pin u_mac_array_acc_reg_reg[3][31]/CLK->D
          Group: clk
     Startpoint: (R) u_decomp_weight_out_reg[0][3][5]/CLK
          Clock: (R) clk
       Endpoint: (R) u_mac_array_acc_reg_reg[3][31]/D
          Clock: (R) clk

                     Capture       Launch     
        Clock Edge:+    3333            0     
       Src Latency:+       0            0     
       Net Latency:+       0 (I)        0 (I) 
           Arrival:=    3333            0     
                                              
             Setup:-      45                  
     Required Time:=    3288                  
      Launch Clock:-       0                  
         Data Path:-    2240                  
             Slack:=    1049                  

#-----------------------------------------------------------------------------------------------------------------------------------------
#                  Timing Point                    Flags    Arc    Edge          Cell            Fanout Load Trans Delay Arrival Instance 
#                                                                                                       (fF)  (ps)  (ps)   (ps)  Location 
#-----------------------------------------------------------------------------------------------------------------------------------------
  u_decomp_weight_out_reg[0][3][5]/CLK             -       -       R     (arrival)                  256    -     0     0       0    (-,-) 
  u_decomp_weight_out_reg[0][3][5]/QN              -       CLK->QN F     DFFASRHQNx1_ASAP7_75t_R     13  6.7    96   128     128    (-,-) 
  u_mac_array_csa_tree_ADD_TC_OP_30_groupi_g8411/Y -       A->Y    R     INVx1_ASAP7_75t_R           11  5.3    94    72     200    (-,-) 
  u_mac_array_csa_tree_ADD_TC_OP_30_groupi_g8354/Y -       B->Y    F     NOR2xp33_ASAP7_75t_R         2  0.9    50    48     248    (-,-) 
  u_mac_array_csa_tree_ADD_TC_OP_30_groupi_g8137/Y -       B2->Y   R     AOI32xp33_ASAP7_75t_R        2  2.7   147    84     332    (-,-) 
  g17223/SN                                        -       A->SN   F     FAx1_ASAP7_75t_R             2  2.0    93   131     463    (-,-) 
  g17195/SN                                        -       CI->SN  F     FAx1_ASAP7_75t_R             2  2.3    97   130     593    (-,-) 
  g17179/SN                                        -       A->SN   F     FAx1_ASAP7_75t_R             2  2.8   111   145     738    (-,-) 
  g17157/SN                                        -       B->SN   F     FAx1_ASAP7_75t_R             2  1.8    81   121     859    (-,-) 
  g17151/SN                                        -       CI->SN  F     FAx1_ASAP7_75t_R             2  1.7    85   108     967    (-,-) 
  u_mac_array_csa_tree_ADD_TC_OP_30_groupi_g7499/Y -       C->Y    R     MAJIxp5_ASAP7_75t_R          2  2.0    80    60    1027    (-,-) 
  u_mac_array_csa_tree_ADD_TC_OP_30_groupi_g7485/Y -       A->Y    F     MAJIxp5_ASAP7_75t_R          1  1.4    58    44    1071    (-,-) 
  g17357/CON                                       -       CI->CON R     FAx1_ASAP7_75t_R             2  2.0    94    60    1132    (-,-) 
  u_mac_array_csa_tree_ADD_TC_OP_30_groupi_g7474/Y -       A->Y    F     MAJIxp5_ASAP7_75t_R          1  1.4    56    47    1178    (-,-) 
  g17355/CON                                       -       CI->CON R     FAx1_ASAP7_75t_R             2  2.0    94    60    1238    (-,-) 
  u_mac_array_csa_tree_ADD_TC_OP_30_groupi_g7470/Y -       A->Y    F     MAJIxp5_ASAP7_75t_R          1  1.4    54    47    1285    (-,-) 
  g17353/CON                                       -       CI->CON R     FAx1_ASAP7_75t_R             2  2.0    93    59    1344    (-,-) 
  u_mac_array_csa_tree_ADD_TC_OP_30_groupi_g7466/Y -       A->Y    F     MAJIxp5_ASAP7_75t_R          1  1.4    64    46    1391    (-,-) 
  g17351/CON                                       -       CI->CON R     FAx1_ASAP7_75t_R             2  2.0    94    62    1453    (-,-) 
  u_mac_array_csa_tree_ADD_TC_OP_30_groupi_g7461/Y -       A->Y    F     MAJIxp5_ASAP7_75t_R          1  1.4    58    47    1500    (-,-) 
  g17349/CON                                       -       CI->CON R     FAx1_ASAP7_75t_R             2  2.0    96    60    1560    (-,-) 
  u_mac_array_csa_tree_ADD_TC_OP_30_groupi_g7457/Y -       A->Y    F     MAJIxp5_ASAP7_75t_R          2  1.4    62    47    1607    (-,-) 
  u_mac_array_csa_tree_ADD_TC_OP_30_groupi_g7456/Y -       A->Y    R     INVx1_ASAP7_75t_R            1  0.6    27    22    1630    (-,-) 
  u_mac_array_csa_tree_ADD_TC_OP_30_groupi_g7454/Y -       A->Y    F     MAJIxp5_ASAP7_75t_R          2  1.4    45    29    1659    (-,-) 
  u_mac_array_csa_tree_ADD_TC_OP_30_groupi_g7452/Y -       A->Y    R     MAJIxp5_ASAP7_75t_R          2  1.5    62    43    1702    (-,-) 
  u_mac_array_csa_tree_ADD_TC_OP_30_groupi_g7450/Y -       A->Y    F     MAJIxp5_ASAP7_75t_R          2  1.4    46    39    1741    (-,-) 
  u_mac_array_csa_tree_ADD_TC_OP_30_groupi_g7448/Y -       A->Y    R     MAJIxp5_ASAP7_75t_R          2  1.5    62    44    1784    (-,-) 
  u_mac_array_csa_tree_ADD_TC_OP_30_groupi_g7446/Y -       A->Y    F     MAJIxp5_ASAP7_75t_R          2  1.4    46    39    1824    (-,-) 
  u_mac_array_csa_tree_ADD_TC_OP_30_groupi_g7444/Y -       A->Y    R     MAJIxp5_ASAP7_75t_R          2  1.5    62    44    1867    (-,-) 
  u_mac_array_csa_tree_ADD_TC_OP_30_groupi_g7442/Y -       A->Y    F     MAJIxp5_ASAP7_75t_R          2  1.4    46    39    1907    (-,-) 
  u_mac_array_csa_tree_ADD_TC_OP_30_groupi_g7440/Y -       A->Y    R     MAJIxp5_ASAP7_75t_R          2  1.5    62    44    1950    (-,-) 
  u_mac_array_csa_tree_ADD_TC_OP_30_groupi_g7438/Y -       A->Y    F     MAJIxp5_ASAP7_75t_R          2  1.4    46    39    1989    (-,-) 
  u_mac_array_csa_tree_ADD_TC_OP_30_groupi_g7436/Y -       A->Y    R     MAJIxp5_ASAP7_75t_R          2  1.5    62    44    2033    (-,-) 
  u_mac_array_csa_tree_ADD_TC_OP_30_groupi_g7434/Y -       A->Y    F     MAJIxp5_ASAP7_75t_R          2  1.4    46    39    2072    (-,-) 
  u_mac_array_csa_tree_ADD_TC_OP_30_groupi_g7432/Y -       A->Y    R     MAJIxp5_ASAP7_75t_R          2  1.5    62    44    2116    (-,-) 
  u_mac_array_csa_tree_ADD_TC_OP_30_groupi_g7430/Y -       A->Y    F     MAJIxp5_ASAP7_75t_R          2  1.4    46    39    2155    (-,-) 
  u_mac_array_csa_tree_ADD_TC_OP_30_groupi_g7428/Y -       A->Y    R     MAJIxp5_ASAP7_75t_R          1  0.9    47    35    2190    (-,-) 
  u_mac_array_csa_tree_ADD_TC_OP_30_groupi_g7426/Y -       B->Y    F     XOR2xp5_ASAP7_75t_R          1  0.5    28    25    2216    (-,-) 
  g16483/Y                                         -       B2->Y   R     AOI22xp5_ASAP7_75t_R         1  0.5    60    24    2240    (-,-) 
  u_mac_array_acc_reg_reg[3][31]/D                 -       -       R     DFFASRHQNx1_ASAP7_75t_R      1    -     -     0    2240    (-,-) 
#-----------------------------------------------------------------------------------------------------------------------------------------

